// Jest Snapshot v1, https://goo.gl/fbAQLP

exports[`should render Edit correctly 1`] = `
<div>
  <Connect(Component) />
  <bannerText />
  <editGrid
    deleteModalIsOpen={false}
    editModalIsOpen={false}
    handleCloseDeleteModal={[Function]}
    handleCloseEditModal={[Function]}
    handleOpenDeleteModal={[Function]}
    handleOpenEditModal={[Function]}
    workout={
      Array [
        Object {
          "color": "#40b3e1",
          "id": "L2453",
          "name": "squats",
          "time": 60,
        },
        Object {
          "color": "#40b3e1",
          "id": "L2435y",
          "name": "pressups",
          "time": 60,
        },
      ]
    }
  />
  <footer />
</div>
`;

exports[`should render redirect if location props are not passed in Edit 1`] = `
<Redirect
  push={false}
  to="/workouts"
/>
`;
