// Jest Snapshot v1, https://goo.gl/fbAQLP

exports[`should render phoneBanner correctly 1`] = `
<div
  className="phoneBanner"
>
  <div
    className="container"
  >
    <div
      className="phoneBanner__grid"
    >
      <img
        alt="phone"
        src="iphone.png"
      />
      <div>
        <h2>
          This is some text that is good but might not be. Don't ask me. Where Black Friday comsumers try to spend and where are those orders coming from.
        </h2>
        <h2>
          This is some text that is good but might not be. Don't ask me. Where Black Friday comsumers try to spend and where are those orders coming from.
        </h2>
        <button
          className="btn"
        >
          Sign Up
        </button>
      </div>
    </div>
  </div>
</div>
`;
